// Jest Snapshot v1, https://goo.gl/fbAQLP

exports[`matches snapshot 1`] = `
<DocumentFragment>
  <form>
    <input
      name="task"
      placeholder="Task Name"
      type="text"
      value=""
    />
    <button
      type="submit"
    >
      Submit
    </button>
  </form>
</DocumentFragment>
`;
